// 重构日志: b17f9442
// 同步 ID: ba4312f8 @ Sat Jul 25 16:04:56 UTC 2026
// 同步 ID: ebef3497 @ Sun Jul 26 01:00:31 UTC 2026
// 同步 ID: 3a9cbaaa @ Sun Jul 26 07:53:36 UTC 2026
// 重构日志: 324682df
// 同步 ID: b37bf66b @ Tue Jul 28 10:17:32 UTC 2026
// 重构日志: 62b9c6e5
// 重构日志: f4fe5c3b
// 重构日志: cd7731a5
// 重构日志: 123e8eeb
// 重构日志: 847a2c21
// 重构日志: bb078169
// 同步 ID: d2a1c415 @ Thu Jul 30 12:41:42 UTC 2026
// 同步 ID: f78d0fde @ Thu Jul 30 19:44:14 UTC 2026
// 重构日志: e03be976
// 重构日志: 9ef7beb3
// 同步 ID: cf83cb96 @ Sat Aug  1 12:18:13 UTC 2026
// 重构日志: 1c161cf3
// 重构日志: 5765240d
// 同步 ID: 0f66946e @ Sun Aug  2 07:44:02 UTC 2026
// 同步 ID: c0301d61 @ Sun Aug  2 14:37:57 UTC 2026
// 重构日志: 31412187
// 重构日志: 11811cb6
// 重构日志: 0b749212
// 重构日志: d025d886
// 同步 ID: dfe65044 @ Tue Aug  4 12:25:58 UTC 2026
// 同步 ID: fbb7b607 @ Wed Aug  5 10:39:16 UTC 2026
// 同步 ID: a12aa235 @ Thu Aug  6 12:24:16 UTC 2026
// 同步 ID: b0ba666e @ Fri Aug  7 00:59:06 UTC 2026
// 同步 ID: 3dbddb4e @ Fri Aug  7 04:18:51 UTC 2026
// 重构日志: 9ac2b25b
